
 Γ¢à∩╕Å wrangler 4.98.0 (update available 4.135.0)
ΓöÇΓöÇΓöÇΓöÇΓöÇΓöÇΓöÇΓöÇΓöÇΓöÇΓöÇΓöÇΓöÇΓöÇΓöÇΓöÇΓöÇΓöÇΓöÇΓöÇΓöÇΓöÇΓöÇΓöÇΓöÇΓöÇΓöÇΓöÇΓöÇΓöÇΓöÇΓöÇΓöÇΓöÇΓöÇΓöÇΓöÇΓöÇΓöÇΓöÇΓöÇΓöÇΓöÇΓöÇΓöÇΓöÇ

node.exe : [31mX [41;31m[[41;97mERROR[41;31m][0m [1mOne of account:read,user:read,workers:write,workers_kv:write,
workers_routes:write,workers_scripts:write,workers_tail:read,d1:write,pages:write,zone:read,zone:write,ssl_certs:write,
ai:write,queues:write,r2:write,kv:write,d3:write,dns:write,cache:write,audit:read,logs:read,vectorize:write,hyperdrive:
write is not a valid authentication scope. Run "wrangler login --scopes-list" to see the valid scopes.[0m
At C:\Program Files\nodejs\npx.ps1:29 char:3
+   & $NODE_EXE $NPX_CLI_JS $args
+   ~~~~~~~~~~~~~~~~~~~~~~~~~~~~~
    + CategoryInfo          : NotSpecified: ([31mX [41;31m...lid scopes.[0m:String) [], RemoteException
    + FullyQualifiedErrorId : NativeCommandError
 


wrangler login

≡ƒöô Login to Cloudflare

GLOBAL FLAGS
  -c, --config          Path to Wrangler configuration file  [string]
      --cwd             Run as if Wrangler was started in the specified directory instead of the current working directory  [string]
  -e, --env             Environment to use for operations, and for selecting .env and .dev.vars files  [string]
      --env-file        Path to an .env file to load - can be specified multiple times - values from earlier files are overridden by values in later files  [array]
  -h, --help            Show help  [boolean]
      --install-skills  Install Cloudflare agents skills, if not already present, without asking the user for confirmation  [boolean] [default: false]
  -v, --version         Show version number  [boolean]

OPTIONS
      --scopes-list    List all the available OAuth scopes with descriptions
      --browser        Automatically open the OAuth link in a browser  [boolean] [default: true]
      --scopes         Pick the set of applicable OAuth scopes when logging in  [array]
      --callback-host  Use the ip or host address for the temporary login callback server.  [string] [default: "localhost"]
      --callback-port  Use the port for the temporary login callback server.  [number] [default: 8976]
≡ƒ¬╡  Logs were written to 
"C:\Users\hudav\AppData\Roaming\xdg.config\.wrangler\logs\wrangler-2026-09-19_20-35-42_083.log"
