
> webapp@1.0.0 build
> astro build

[2m02:23:01[22m [34m[@astrojs/cloudflare][39m Enabling image processing with Cloudflare Images for production with the "IMAGES" Images binding.
[2m02:23:01[22m [34m[@astrojs/cloudflare][39m Enabling sessions with Cloudflare KV with the "SESSION" KV binding.
Using secrets defined in .env
[sentry-vite-plugin] Info: Sending telemetry data on issues and performance to Sentry. To disable telemetry, set `options.telemetry` to `false`.
[2m02:23:04[22m [34m[types][39m Generated [2m2.62s[22m
[2m02:23:04[22m [34m[build][39m output: [34m"server"[39m
[2m02:23:04[22m [34m[build][39m mode: [34m"server"[39m
[2m02:23:04[22m [34m[build][39m directory: [34mC:\Users\hudav\Documents\GitHub\webapp\dist\[39m
[2m02:23:04[22m [34m[build][39m adapter: [32m@astrojs/cloudflare[39m
[2m02:23:04[22m [34m[build][39m Collecting build info...
[2m02:23:04[22m [34m[build][39m [32m✓ Completed in 2.84s.[39m
[2m02:23:04[22m [34m[build][39m Building server entrypoints...
[sentry-vite-plugin] Info: Sending telemetry data on issues and performance to Sentry. To disable telemetry, set `options.telemetry` to `false`.
Using secrets defined in .env
[sentry-vite-plugin] Warning: No auth token provided. Will not create release. Please set the `authToken` option. You can find information on how to generate a Sentry auth token here: https://docs.sentry.io/api/auth/
[sentry-vite-plugin] Warning: No auth token provided. Will not upload source maps. Please set the `authToken` option. You can find information on how to generate a Sentry auth token here: https://docs.sentry.io/api/auth/
[2m02:23:15[22m [34m[vite][39m [32m✓ built in 10.51s[39m
[sentry-vite-plugin] Info: Sending telemetry data on issues and performance to Sentry. To disable telemetry, set `options.telemetry` to `false`.
[31m[1m02:23:24[22m [ERROR] [vite][39m [31m✗[39m Build failed in 8.98s
