
> webapp@1.0.0 build
> astro build

[2m02:24:14[22m [34m[@astrojs/cloudflare][39m Enabling image processing with Cloudflare Images for production with the "IMAGES" Images binding.
[2m02:24:14[22m [34m[@astrojs/cloudflare][39m Enabling sessions with Cloudflare KV with the "SESSION" KV binding.
Using secrets defined in .env
[sentry-vite-plugin] Info: Sending telemetry data on issues and performance to Sentry. To disable telemetry, set `options.telemetry` to `false`.
[2m02:24:17[22m [34m[types][39m Generated [2m2.70s[22m
[2m02:24:17[22m [34m[build][39m output: [34m"server"[39m
[2m02:24:17[22m [34m[build][39m mode: [34m"server"[39m
[2m02:24:17[22m [34m[build][39m directory: [34mC:\Users\hudav\Documents\GitHub\webapp\dist\[39m
[2m02:24:17[22m [34m[build][39m adapter: [32m@astrojs/cloudflare[39m
[2m02:24:17[22m [34m[build][39m Collecting build info...
[2m02:24:17[22m [34m[build][39m [32m✓ Completed in 2.96s.[39m
[2m02:24:17[22m [34m[build][39m Building server entrypoints...
[sentry-vite-plugin] Info: Sending telemetry data on issues and performance to Sentry. To disable telemetry, set `options.telemetry` to `false`.
Using secrets defined in .env
[sentry-vite-plugin] Warning: No auth token provided. Will not create release. Please set the `authToken` option. You can find information on how to generate a Sentry auth token here: https://docs.sentry.io/api/auth/
[sentry-vite-plugin] Warning: No auth token provided. Will not upload source maps. Please set the `authToken` option. You can find information on how to generate a Sentry auth token here: https://docs.sentry.io/api/auth/
[2m02:24:28[22m [34m[vite][39m [32m✓ built in 10.59s[39m
[sentry-vite-plugin] Info: Sending telemetry data on issues and performance to Sentry. To disable telemetry, set `options.telemetry` to `false`.
Using secrets defined in .env
[sentry-vite-plugin] Warning: No auth token provided. Will not create release. Please set the `authToken` option. You can find information on how to generate a Sentry auth token here: https://docs.sentry.io/api/auth/
[sentry-vite-plugin] Warning: No auth token provided. Will not upload source maps. Please set the `authToken` option. You can find information on how to generate a Sentry auth token here: https://docs.sentry.io/api/auth/
[2m02:24:49[22m [34m[vite][39m [32m✓ built in 20.77s[39m
[sentry-vite-plugin] Info: Sending telemetry data on issues and performance to Sentry. To disable telemetry, set `options.telemetry` to `false`.
[33m[1m02:24:56[22m [WARN] [vite][39m [33m[plugin astro:transitions] Sourcemap is likely to be incorrect: a plugin (astro:transitions) was used to transform files, but didn't generate a sourcemap for the transformation. Consult the plugin documentation for help[39m
[sentry-vite-plugin] Warning: No auth token provided. Will not create release. Please set the `authToken` option. You can find information on how to generate a Sentry auth token here: https://docs.sentry.io/api/auth/
[sentry-vite-plugin] Warning: No auth token provided. Will not upload source maps. Please set the `authToken` option. You can find information on how to generate a Sentry auth token here: https://docs.sentry.io/api/auth/
[2m02:24:57[22m [34m[vite][39m [32m✓ built in 8.57s[39m
[2mDefault inspector port 9229 not available, using 9230 instead
[22m
Using secrets defined in dist\server\.prerender\.dev.vars

[42m[30m prerendering static routes [39m[49m
[2m02:24:58[22m   [34m├─[39m [2m/legal/constitution/index.html[22m [31m(+2.22s)[39m 
[2m02:25:00[22m   [34m├─[39m [2m/legal/rulebook/index.html[22m [31m(+885ms)[39m 
[2m02:25:01[22m   [34m├─[39m [2m/legal/ethics/index.html[22m [31m(+891ms)[39m 
[2m02:25:02[22m   [34m├─[39m [2m/legal/digital-governance/index.html[22m [31m(+902ms)[39m 
[2m02:25:03[22m   [34m├─[39m [2m/legal/financial-transparency/index.html[22m [31m(+903ms)[39m 
[2m02:25:04[22m   [34m├─[39m [2m/legal/candidate-selection/index.html[22m [31m(+908ms)[39m 
[2m02:25:05[22m   [34m├─[39m [2m/legal/internal-democracy/index.html[22m [31m(+858ms)[39m 
[2m02:25:06[22m   [34m├─[39m [2m/legal/official-communication/index.html[22m [31m(+872ms)[39m 
[2m02:25:07[22m   [34m├─[39m [2m/legal/privacy/index.html[22m [31m(+856ms)[39m 
[2m02:25:08[22m [32m✓ Completed in 10.41s.
[39m
[2m02:25:08[22m [34m[build][39m Rearranging server assets...
[2m02:25:08[22m [34m[build][39m [32m✓ Completed in 50.57s.[39m
[2m02:25:08[22m [34m[@astrojs/cloudflare][39m Injected immutable Cache-Control for /_astro/* into _headers.
[2m02:25:08[22m [34m[@astrojs/sitemap][39m `sitemap-index.xml` created at `dist\client`
[2m02:25:08[22m [34m[build][39m Server built in [1m53.57s[22m
[2m02:25:08[22m [34m[build][39m [1mComplete![22m
