Upgrading C:\Users\hudav\Documents\GitHub\webapp\package.json

 @astrojs/check           ^0.9.9  →   ^0.9.10
 @astrojs/cloudflare     ^13.6.1  →   ^14.3.2
 @astrojs/react           ^5.0.7  →    ^6.0.6
 @astrojs/sitemap         ^3.7.3  →    ^3.7.4
 @fontsource/inter        ^5.2.8  →    ^5.3.0
 @google/genai            ^2.8.0  →   ^2.23.0
 @playwright/test        ^1.60.0  →   ^1.63.0
 @sentry/astro          ^10.58.0  →  ^10.75.0
 @sentry/cloudflare     ^10.58.0  →  ^10.75.0
 @supabase/supabase-js  ^2.107.0  →  ^2.116.0
 astro                    ^6.4.4  →    ^7.3.3
 dotenv                  ^17.4.2  →   ^18.0.1
 form-data                ^4.0.5  →    ^4.0.6
 lucide-react            ^1.17.0  →   ^1.47.0
 react                   ^19.2.7  →   ^19.3.0
 react-dom               ^19.2.7  →   ^19.3.0
 tsx                     ^4.22.4  →  ^4.23.15
 typescript               ^6.0.3  →    ^7.0.2
 wrangler                ^4.98.0  →  ^4.135.0

Run npm install to install new versions.
