[33m▲ [43;33m[[43;30mWARNING[43;33m][0m [1mProcessing wrangler.jsonc configuration:[0m

    - Unexpected fields found in observability field: "redact_query_string"


There is a newer version of Wrangler available (current: 4.98.0, latest: 4.135.0). Try upgrading, as it might support this configuration option.
{
    "wallTime": 11,
    "cpuTime": 6,
    "truncated": false,
    "executionModel": "stateless",
    "outcome": "ok",
    "scriptVersion": {
        "id": "0da66225-d32d-48e1-9b16-e10d7e6c766b"
    },
    "scriptName": "nagrikparty",
    "diagnosticsChannelEvents": [],
    "exceptions": [],
    "logs": [
        {
            "message": [
                "01:46:40 [ERROR] Error: Astro.locals.runtime.env has been removed in Astro v6. Use 'import { env } from \"cloudflare:workers\"' instead.\n    at get env (chunks/worker-entry_ngfa8etE.mjs:20120:15)\n    at POST (chunks/crime-sync_DkfQq7pc.mjs:57:36)\n    at Module.GET (chunks/crime-sync_DkfQq7pc.mjs:124:28)\n    at renderEndpoint (chunks/worker-entry_ngfa8etE.mjs:109:32)\n    at PagesHandler.handle (chunks/worker-entry_ngfa8etE.mjs:5256:26)"
            ],
            "level": "error",
            "timestamp": 1789955200320
        }
    ],
    "eventTimestamp": 1789955200044,
    "event": {
        "request": {
            "url": "https://nagrik.party/api/v1/cron/crime-sync",
            "method": "GET",
            "headers": {
                "accept": "*/*",
                "accept-encoding": "gzip, br",
                "cf-connecting-ip": "106.219.122.1",
                "cf-ipcountry": "IN",
                "cf-ray": "a3e565c038bdfd6c",
                "cf-visitor": "{\"scheme\":\"https\"}",
                "connection": "Keep-Alive",
                "host": "nagrik.party",
                "user-agent": "curl/8.13.0",
                "x-forwarded-proto": "https",
                "x-real-ip": "106.219.122.1"
            },
            "cf": {
                "httpProtocol": "HTTP/1.1",
                "requestPriority": "",
                "edgeRequestKeepAliveStatus": 1,
                "requestHeaderNames": {},
                "clientTcpRtt": 89,
                "clientQuicRtt": 0,
                "colo": "SIN",
                "asn": 24560,
                "asOrganization": "Plot No. 16, Phase IV, Sector 18, Gurugram, Haryana 122015",
                "country": "IN",
                "isEUCountry": false,
                "city": "Delhi",
                "continent": "AS",
                "region": "Delhi",
                "regionCode": "DL",
                "timezone": "Asia/Kolkata",
                "longitude": "77.23149",
                "latitude": "28.65195",
                "postalCode": "110001",
                "tlsVersion": "TLSv1.2",
                "tlsCipher": "ECDHE-ECDSA-AES128-GCM-SHA256",
                "tlsClientRandom": "arCMgM2rASn5t+aHXXj6Ylkq2d5pE1KA8PxWYWyNwP8=",
                "tlsClientCiphersSha1": "OeQPcEYDgqo1GMKGYd0qWuAiHW8=",
                "tlsClientExtensionsSha1": "CRkQ5euuu2651vt+v0zfIPfqJ8A=",
                "tlsClientExtensionsSha1Le": "vN/sLbiiNfOvkFXFDvjB0+A6Jfg=",
                "tlsExportedAuthenticator": {
                    "clientHandshake": "39ff7e748da28284da28532f9b59a3338d36cee3ae6325e01ceee483a0ef33c6",
                    "serverHandshake": "a868a4c01a54aa0bb00015e9ef911b43095f7a37c517993de578dfacba61fb5a",
                    "clientFinished": "4ade86788287418db235499da6bad34d5670f5431aa319ebbdf9141015928907",
                    "serverFinished": "6b99be497265e00f3dd4039fd2875ffa4d620ddbaf414527ecd6e3c8dd4f54cd"
                },
                "tlsClientHelloLength": "189",
                "tlsClientAuth": {
                    "certPresented": "0",
                    "certVerified": "NONE",
                    "certRevoked": "0",
                    "certIssuerDN": "",
                    "certSubjectDN": "",
                    "certIssuerDNRFC2253": "",
                    "certSubjectDNRFC2253": "",
                    "certIssuerDNLegacy": "",
                    "certSubjectDNLegacy": "",
                    "certSerial": "",
                    "certIssuerSerial": "",
                    "certSKI": "",
                    "certIssuerSKI": "",
                    "certFingerprintSHA1": "",
                    "certFingerprintSHA256": "",
                    "certNotBefore": "",
                    "certNotAfter": "",
                    "certRFC9440": "",
                    "certRFC9440TooLarge": false,
                    "certChainRFC9440": "",
                    "certChainRFC9440TooLarge": false
                },
                "verifiedBotCategory": "",
                "edgeL4": {
                    "deliveryRate": 42123
                }
            }
        },
        "response": {
            "status": 500
        }
    }
}
